
Clover EFI installer log - Thu Dec  7 00:05:32 ICT 2017
Installer version: v2.4k r4318 EFI bootloader
======================================================
/dev/disk0 (internal, physical):
   #:                       TYPE NAME                    SIZE       IDENTIFIER
   0:      GUID_partition_scheme                        *250.1 GB   disk0
   1:                        EFI EFI                     209.7 MB   disk0s1
   2:                  Apple_HFS X                       62.4 GB    disk0s2
   3:                  Apple_HFS Untitled 2              62.4 GB    disk0s3
   4:           Linux Filesystem                         62.4 GB    disk0s4
   5:       Microsoft Basic Data DATA                    62.0 GB    disk0s5

/dev/disk2 (disk image):
   #:                       TYPE NAME                    SIZE       IDENTIFIER
   0:                            BOOTRAMDISK            +209.7 MB   disk2

======================================================
Backing up EFI files

Backing up stage2 file /Volumes/X/EFIROOTDIR/boot  to /Volumes/X/EFI-Backups/r4318/2017-12-07-00h05/boot
Backing up /Volumes/X/EFIROOTDIR/EFI folder to /Volumes/X/EFI-Backups/r4318/2017-12-07-00h05/EFI
No Active Partition

Stage 0 - Writting boot0af to /dev/disk0
//usr/local/bin/fdisk440 -u -f //usr/standalone/i386/boot0af -y /dev/disk0

Stage 1 - Writting boot1f32 to /dev/rdisk0s1
dd if=/dev/rdisk0s1 count=1 bs=512 of=/tmp/origbs
boot volume format is FAT32
cp /tmp/boot1f32 /tmp/newbs
dd if=/tmp/origbs of=/tmp/newbs skip=3 seek=3 bs=1 count=87 conv=notrunc
dd if=/tmp/newbs of=/dev/rdisk0s1

Stage 2 - Written boot6 (x64) to /Volumes/EFI/boot

======================================================
=========== Clover EFI Installation Finish ===========
======================================================
